// Jest Snapshot v1, https://goo.gl/fbAQLP

exports[`<NewRecipeForm /> should match the snapshot 1`] = `"<main class=\\"MuiContainer-root MuiContainer-maxWidthXs\\"><div class=\\"makeStyles-paper-1\\"><h1 class=\\"MuiTypography-root MuiTypography-h5\\">submit a new recipe idea</h1><form class=\\"makeStyles-form-3\\" novalidate=\\"\\"><div class=\\"MuiFormControl-root MuiTextField-root MuiFormControl-marginNormal MuiFormControl-fullWidth\\"><label class=\\"MuiFormLabel-root MuiInputLabel-root MuiInputLabel-formControl MuiInputLabel-animated MuiInputLabel-outlined Mui-required Mui-required\\" data-shrink=\\"false\\" for=\\"title\\" id=\\"title-label\\">Recipe Title<span aria-hidden=\\"true\\" class=\\"MuiFormLabel-asterisk MuiInputLabel-asterisk\\"> *</span></label><div class=\\"MuiInputBase-root MuiOutlinedInput-root MuiInputBase-fullWidth MuiInputBase-formControl\\"><input type=\\"text\\" aria-invalid=\\"false\\" autoComplete=\\"title\\" autofocus=\\"\\" id=\\"title\\" name=\\"title\\" required=\\"\\" class=\\"MuiInputBase-input MuiOutlinedInput-input\\"/><fieldset aria-hidden=\\"true\\" class=\\"PrivateNotchedOutline-root-6 MuiOutlinedInput-notchedOutline\\"><legend class=\\"PrivateNotchedOutline-legendLabelled-8\\"><span>Recipe Title *</span></legend></fieldset></div></div><div class=\\"MuiFormControl-root MuiTextField-root MuiFormControl-marginNormal MuiFormControl-fullWidth\\"><label class=\\"MuiFormLabel-root MuiInputLabel-root MuiInputLabel-formControl MuiInputLabel-animated MuiInputLabel-outlined\\" data-shrink=\\"false\\" for=\\"imgUrl\\" id=\\"imgUrl-label\\">Image URL</label><div class=\\"MuiInputBase-root MuiOutlinedInput-root MuiInputBase-fullWidth MuiInputBase-formControl\\"><input type=\\"imgUrl\\" aria-invalid=\\"false\\" autoComplete=\\"current-imgUrl\\" id=\\"imgUrl\\" name=\\"imgUrl\\" class=\\"MuiInputBase-input MuiOutlinedInput-input\\"/><fieldset aria-hidden=\\"true\\" class=\\"PrivateNotchedOutline-root-6 MuiOutlinedInput-notchedOutline\\"><legend class=\\"PrivateNotchedOutline-legendLabelled-8\\"><span>Image URL</span></legend></fieldset></div></div><div class=\\"MuiFormControl-root MuiTextField-root MuiFormControl-marginNormal MuiFormControl-fullWidth\\"><label class=\\"MuiFormLabel-root MuiInputLabel-root MuiInputLabel-formControl MuiInputLabel-animated MuiInputLabel-outlined Mui-required Mui-required\\" data-shrink=\\"false\\" for=\\"link\\" id=\\"link-label\\">Link to recipe<span aria-hidden=\\"true\\" class=\\"MuiFormLabel-asterisk MuiInputLabel-asterisk\\"> *</span></label><div class=\\"MuiInputBase-root MuiOutlinedInput-root MuiInputBase-fullWidth MuiInputBase-formControl\\"><input type=\\"link\\" aria-invalid=\\"false\\" autoComplete=\\"current-link\\" id=\\"link\\" name=\\"link\\" required=\\"\\" class=\\"MuiInputBase-input MuiOutlinedInput-input\\"/><fieldset aria-hidden=\\"true\\" class=\\"PrivateNotchedOutline-root-6 MuiOutlinedInput-notchedOutline\\"><legend class=\\"PrivateNotchedOutline-legendLabelled-8\\"><span>Link to recipe *</span></legend></fieldset></div></div><div class=\\"MuiFormControl-root MuiTextField-root MuiFormControl-marginNormal MuiFormControl-fullWidth\\"><label class=\\"MuiFormLabel-root MuiInputLabel-root MuiInputLabel-formControl MuiInputLabel-animated MuiInputLabel-outlined\\" data-shrink=\\"false\\" for=\\"notes\\" id=\\"notes-label\\">Notes</label><div class=\\"MuiInputBase-root MuiOutlinedInput-root MuiInputBase-fullWidth MuiInputBase-formControl MuiInputBase-multiline MuiOutlinedInput-multiline\\"><textarea aria-invalid=\\"false\\" autoComplete=\\"notes\\" id=\\"notes\\" name=\\"notes\\" rows=\\"4\\" class=\\"MuiInputBase-input MuiOutlinedInput-input MuiInputBase-inputMultiline MuiOutlinedInput-inputMultiline\\"></textarea><fieldset aria-hidden=\\"true\\" class=\\"PrivateNotchedOutline-root-6 MuiOutlinedInput-notchedOutline\\"><legend class=\\"PrivateNotchedOutline-legendLabelled-8\\"><span>Notes</span></legend></fieldset></div></div><button class=\\"MuiButtonBase-root MuiButton-root MuiButton-contained makeStyles-submit-4 MuiButton-containedPrimary MuiButton-fullWidth\\" tabindex=\\"0\\" type=\\"submit\\"><span class=\\"MuiButton-label\\">submit</span></button></form></div></main>"`;
